// Jest Snapshot v1, https://goo.gl/fbAQLP

exports[`Pruebas en <CounterApp /> debe ser correcto si el snapshot coincide 1`] = `
<div>
  <h1>
    CounterApp
  </h1>
  <h2>
    100
  </h2>
  <button
    name=""
  >
    +1
  </button>
  <button>
    -1
  </button>
  <button>
    Reset
  </button>
</div>
`;
